2026-02-09 11:21:36 | INFO     | Pipeline initialized for 2 symbols
2026-02-09 11:21:36 | INFO     | ============================================================
2026-02-09 11:21:36 | INFO     | 🚀 STARTING FINANCIAL DATA PIPELINE
2026-02-09 11:21:36 | INFO     |    Symbols: 2
2026-02-09 11:21:36 | INFO     |    Output: ./output
2026-02-09 11:21:36 | INFO     | ============================================================
2026-02-09 11:21:36 | DEBUG    | [VNM] Extracting...
2026-02-09 11:21:36 | INFO     | 📥 Extracting data for VNM...
2026-02-09 11:21:50 | WARNING  | Could not extract company info: 'DataFrame' object has no attribute 'applymap'
2026-02-09 11:21:52 | DEBUG    | Balance sheet: 52 rows
2026-02-09 11:21:53 | DEBUG    | Income statement: 52 rows
2026-02-09 11:21:55 | DEBUG    | Cash flow: 52 rows
2026-02-09 11:21:57 | DEBUG    | Ratios: 52 rows
2026-02-09 11:21:58 | DEBUG    | Historical prices: 263 rows
2026-02-09 11:21:58 | SUCCESS  | ✅ Successfully extracted data for VNM
2026-02-09 11:21:58 | DEBUG    | [VNM] Transforming...
2026-02-09 11:21:58 | DEBUG    | Cleaned DataFrame: 52 rows, 44 columns
2026-02-09 11:21:58 | DEBUG    | Cleaned DataFrame: 52 rows, 32 columns
2026-02-09 11:21:58 | DEBUG    | Cleaned DataFrame: 52 rows, 42 columns
2026-02-09 11:21:58 | DEBUG    | Calculated 0 ratios
2026-02-09 11:21:58 | DEBUG    | [VNM] Loading...
2026-02-09 11:21:58 | DEBUG    | Saved: output\VNM\balance_sheet.csv
2026-02-09 11:21:58 | DEBUG    | Saved: output\VNM\income_statement.csv
2026-02-09 11:21:58 | DEBUG    | Saved: output\VNM\cash_flow.csv
2026-02-09 11:21:58 | DEBUG    | Saved: output\VNM\ratios.csv
2026-02-09 11:21:58 | DEBUG    | Saved: output\VNM\historical_prices.csv
2026-02-09 11:21:58 | INFO     | 💾 Saved 5 files for VNM
2026-02-09 11:21:58 | INFO     | ✅ VNM: Completed successfully
2026-02-09 11:21:58 | DEBUG    | [FPT] Extracting...
2026-02-09 11:21:58 | INFO     | 📥 Extracting data for FPT...
2026-02-09 11:22:07 | WARNING  | Could not extract company info: 'DataFrame' object has no attribute 'applymap'
2026-02-09 11:22:09 | DEBUG    | Balance sheet: 54 rows
2026-02-09 11:22:11 | DEBUG    | Income statement: 54 rows
2026-02-09 11:22:12 | DEBUG    | Cash flow: 54 rows
2026-02-09 11:22:14 | DEBUG    | Ratios: 54 rows
2026-02-09 11:22:15 | DEBUG    | Historical prices: 263 rows
2026-02-09 11:22:15 | SUCCESS  | ✅ Successfully extracted data for FPT
2026-02-09 11:22:15 | DEBUG    | [FPT] Transforming...
2026-02-09 11:22:15 | DEBUG    | Cleaned DataFrame: 54 rows, 44 columns
2026-02-09 11:22:15 | DEBUG    | Cleaned DataFrame: 54 rows, 32 columns
2026-02-09 11:22:15 | DEBUG    | Cleaned DataFrame: 54 rows, 41 columns
2026-02-09 11:22:15 | DEBUG    | Calculated 0 ratios
2026-02-09 11:22:15 | DEBUG    | [FPT] Loading...
2026-02-09 11:22:15 | DEBUG    | Saved: output\FPT\balance_sheet.csv
2026-02-09 11:22:15 | DEBUG    | Saved: output\FPT\income_statement.csv
2026-02-09 11:22:15 | DEBUG    | Saved: output\FPT\cash_flow.csv
2026-02-09 11:22:15 | DEBUG    | Saved: output\FPT\ratios.csv
2026-02-09 11:22:15 | DEBUG    | Saved: output\FPT\historical_prices.csv
2026-02-09 11:22:15 | INFO     | 💾 Saved 5 files for FPT
2026-02-09 11:22:15 | INFO     | ✅ FPT: Completed successfully
2026-02-09 11:22:15 | DEBUG    | Saved: output\combined\all_balance_sheets.csv
2026-02-09 11:22:15 | INFO     | 📊 Combined balance_sheet: 106 rows
2026-02-09 11:22:15 | DEBUG    | Saved: output\combined\all_income_statements.csv
2026-02-09 11:22:15 | INFO     | 📊 Combined income_statement: 106 rows
2026-02-09 11:22:15 | DEBUG    | Saved: output\combined\all_cash_flows.csv
2026-02-09 11:22:15 | INFO     | 📊 Combined cash_flow: 106 rows
2026-02-09 11:22:15 | DEBUG    | Saved: output\combined\all_ratioss.csv
2026-02-09 11:22:15 | INFO     | 📊 Combined ratios: 106 rows
2026-02-09 11:22:15 | DEBUG    | Saved: output\combined\all_historical_pricess.csv
2026-02-09 11:22:15 | INFO     | 📊 Combined historical_prices: 526 rows
2026-02-09 11:22:15 | INFO     | 
╔══════════════════════════════════════════════════════════════╗
║                    PIPELINE RESULT SUMMARY                   ║
╠══════════════════════════════════════════════════════════════╣
║  Total symbols processed:    2                              ║
║  Successful:    2  |  Failed:    0  |  Rate: 100.0%       ║
║  Total time:   39.0 seconds                                ║
╚══════════════════════════════════════════════════════════════╝

2026-02-09 11:22:15 | INFO     | 📋 Metadata saved to output\pipeline_metadata.json
